Starting test...
Import successful
Window search complete. Found: True
Rectangle: (0, 0, 1104, 285)
